    This code finds the sum of all prime numbers below [n].

      Enter n:     The sum of all prime numbers below 10: 17

    This code finds the sum of all prime numbers below [n].

      Enter n:     The sum of all prime numbers below 1000000: 37550402023

