    This code finds the largest palindrome which is a product of
      [number] digit numbers.

      Enter number:     The largest palindrome product of 2 digit numbers: 9009

    This code finds the largest palindrome which is a product of
      [number] digit numbers.

      Enter number:     The largest palindrome product of 3 digit numbers: 906609

