Invalid input! Provide a value in the range [1 - 500].
