    This code finds the largest prime factor of a [number].

      Enter number:     The largest prime factor of 13195: 29

    This code finds the largest prime factor of a [number].

      Enter number:     The largest prime factor of 600851475143: 6857

