    This code the first [n] digits of the sum of 100 50-digit
      numbers found in data/50digits.txt.

      Enter n:     The first 5 digits of the sum: 55373

    This code the first [n] digits of the sum of 100 50-digit
      numbers found in data/50digits.txt.

      Enter n:     The first 9 digits of the sum: 553737623

