    This code finds the least common multiple of numbers from 1 to
    [limit].

      Enter limit:     The least common mulitple of numbers from 1 to 10: 2520

    This code finds the least common multiple of numbers from 1 to
    [limit].

      Enter limit:     The least common mulitple of numbers from 1 to 15: 360360

