    This code finds the [n]th prime.

      Enter n:     The 6th prime is: 13

    This code finds the [n]th prime.

      Enter n:     The 10001th prime is: 104743

