    This code finds the product of a Pythagorean triplet that sums
      to [n].

      Enter n:     The product of the Pythagorean triplet that sums 12: 60

    This code finds the product of a Pythagorean triplet that sums
      to [n].

      Enter n:     No Pythagorean triplet was found that sums to 13.
    This code finds the product of a Pythagorean triplet that sums
      to [n].

      Enter n:     The product of the Pythagorean triplet that sums 1260: 13130460

